[     362ms] [LOG] Angular is running in development mode. @ http://localhost:4200/@fs/C:/Users/Ella/Documents/GitHub/eBPCO-Web/EBPCO%20WEB%20ADMIN/E-BPCO-Software-main/.angular/cache/22.0.6/e-bpco/vite/deps/chunk-UGLLDE2A.js?v=8a293d82:14943
[   24972ms] [ERROR] Failed to load resource: the server responded with a status of 401 (Unauthorized) @ http://localhost:4200/auth/token:0
[  489216ms] [ERROR] Failed to load resource: the server responded with a status of 403 (Forbidden) @ http://localhost:4200/staff/applications/73a29e43-b2d7-44a3-9346-77a3280ba87b/evaluations:0
[  951523ms] [ERROR] Failed to load resource: the server responded with a status of 401 (Unauthorized) @ http://localhost:4200/auth/token:0
[ 1453714ms] [ERROR] Failed to load resource: the server responded with a status of 403 (Forbidden) @ http://localhost:4200/staff/payments?status=Pending%20Verification&limit=100:0
[ 1606876ms] [ERROR] Failed to load resource: the server responded with a status of 422 (Unprocessable Entity) @ http://localhost:4200/staff/config/payment-methods/Onsite:0
[ 1702665ms] [ERROR] Failed to load resource: the server responded with a status of 401 (Unauthorized) @ http://localhost:4200/auth/token:0
[ 4374082ms] [ERROR] Failed to load resource: the server responded with a status of 401 (Unauthorized) @ http://localhost:4200/auth/token:0
[ 4411669ms] [ERROR] Failed to load resource: the server responded with a status of 401 (Unauthorized) @ http://localhost:4200/auth/token:0
[ 4440623ms] [ERROR] Failed to load resource: the server responded with a status of 401 (Unauthorized) @ http://localhost:4200/auth/token:0
[ 4471491ms] [ERROR] Failed to load resource: the server responded with a status of 401 (Unauthorized) @ http://localhost:4200/auth/token:0
[ 4556429ms] [ERROR] Failed to load resource: the server responded with a status of 401 (Unauthorized) @ http://localhost:4200/auth/token:0
[ 4922895ms] [ERROR] Failed to load resource: the server responded with a status of 401 (Unauthorized) @ http://localhost:4200/auth/token:0
[ 5734672ms] [ERROR] Failed to load resource: the server responded with a status of 403 (Forbidden) @ http://localhost:4200/staff/payments?status=Pending%20Verification&limit=100:0
[ 5767332ms] [ERROR] Failed to load resource: the server responded with a status of 404 (Not Found) @ http://localhost:4200/staff/applications/eaec1f1d-cc82-47e4-9c2d-2d393d52b5a8:0
[ 5838984ms] [ERROR] JIT compilation failed for service class UrlSerializer {
  static ɵfac = i0.ɵɵngDeclareFactory({
    minVersion: "12.0.0",
    version: "22.0.6",
    ngImport: i0,
    type: UrlSerializer,
    deps: [],
    target: i0.ɵɵFactoryTarget.Service
  });
  static ɵprov = i0.ɵɵngDeclareService({
    minVersion: "22.0.0",
    version: "22.0.6",
    ngImport: i0,
    type: UrlSerializer,
    factory: () => new DefaultUrlSerializer()
  });
} @ http://localhost:4200/@fs/C:/Users/Ella/Documents/GitHub/eBPCO-Web/EBPCO%20WEB%20ADMIN/E-BPCO-Software-main/.angular/cache/22.0.6/e-bpco/vite/deps/chunk-UGLLDE2A.js?v=8a293d82:4629
[ 5863999ms] [ERROR] Failed to load resource: the server responded with a status of 404 (Not Found) @ http://localhost:4200/staff/applications/eaec1f1d-cc82-47e4-9c2d-2d393d52b5a8:0
[ 5877051ms] [ERROR] Failed to load resource: the server responded with a status of 404 (Not Found) @ http://localhost:4200/staff/applications/eaec1f1d-cc82-47e4-9c2d-2d393d52b5a8/assessments:0
