[     280ms] [LOG] Angular is running in development mode. @ http://localhost:4200/@fs/C:/Users/Ella/Documents/GitHub/eBPCO-Web/EBPCO%20WEB%20ADMIN/E-BPCO-Software-main/.angular/cache/22.0.6/e-bpco/vite/deps/chunk-UGLLDE2A.js?v=8a293d82:14943
[   10082ms] [ERROR] Failed to load resource: the server responded with a status of 401 (Unauthorized) @ http://localhost:4200/auth/token:0
[ 1792210ms] [ERROR] Failed to load resource: the server responded with a status of 401 (Unauthorized) @ http://localhost:4200/staff/payments?status=Pending%20Verification&limit=100:0
[ 1792211ms] [ERROR] Failed to load resource: the server responded with a status of 401 (Unauthorized) @ http://localhost:4200/staff/config/fee-schedules:0
[ 1792212ms] [ERROR] Failed to load resource: the server responded with a status of 401 (Unauthorized) @ http://localhost:4200/staff/config/payment-methods:0
[ 1808115ms] [ERROR] Failed to load resource: the server responded with a status of 401 (Unauthorized) @ http://localhost:4200/auth/token:0
[ 1933165ms] [ERROR] Failed to load resource: the server responded with a status of 422 (Unprocessable Entity) @ http://localhost:4200/staff/config/fee-schedules:0
[ 2048521ms] [ERROR] Failed to load resource: the server responded with a status of 422 (Unprocessable Entity) @ http://localhost:4200/staff/config/payment-methods/Onsite:0
[ 2411131ms] [ERROR] Failed to load resource: the server responded with a status of 401 (Unauthorized) @ http://localhost:4200/auth/token:0
[ 2514957ms] [ERROR] Failed to load resource: the server responded with a status of 422 (Unprocessable Entity) @ http://localhost:4200/staff/applications/aefd8510-75cf-43f1-a8f6-94e1b4acad9d/assessments:0
[ 2547979ms] [ERROR] Failed to load resource: the server responded with a status of 422 (Unprocessable Entity) @ http://localhost:4200/staff/applications/717ef36d-0fc6-437a-90db-387588a0a9c6/assessments:0
[ 2907464ms] [ERROR] Failed to load resource: the server responded with a status of 403 (Forbidden) @ http://localhost:4200/staff/assessments/b464993c-0927-494d-b950-6172bc827a51/approve:0
[ 3229949ms] [ERROR] Access to fetch at 'http://localhost:3000/staff/config/requirements/Fencing%20Permit' from origin 'http://localhost:4200' has been blocked by CORS policy: Response to preflight request doesn't pass access control check: No 'Access-Control-Allow-Origin' header is present on the requested resource. @ http://localhost:4200/permit-release:0
[ 3229953ms] [ERROR] Failed to load resource: net::ERR_FAILED @ http://localhost:3000/staff/config/requirements/Fencing%20Permit:0
[ 3471564ms] [VERBOSE] [DOM] Password field is not contained in a form: (More info: https://goo.gl/9p2vKq) %o @ http://localhost:4200/businesses:0
[ 3471565ms] [VERBOSE] [DOM] Password field is not contained in a form: (More info: https://goo.gl/9p2vKq) %o @ http://localhost:4200/businesses:0
[ 3732899ms] [ERROR] Failed to load resource: the server responded with a status of 401 (Unauthorized) @ http://localhost:4200/staff/access-requests:0
[ 3771253ms] [ERROR] Failed to load resource: the server responded with a status of 401 (Unauthorized) @ http://localhost:4200/auth/token:0
[ 6223098ms] [LOG] Angular is running in development mode. @ http://localhost:4200/@fs/C:/Users/Ella/Documents/GitHub/eBPCO-Web/EBPCO%20WEB%20ADMIN/E-BPCO-Software-main/.angular/cache/22.0.6/e-bpco/vite/deps/chunk-UGLLDE2A.js?v=8a293d82:14943
[ 6227522ms] [LOG] Angular is running in development mode. @ http://localhost:4200/@fs/C:/Users/Ella/Documents/GitHub/eBPCO-Web/EBPCO%20WEB%20ADMIN/E-BPCO-Software-main/.angular/cache/22.0.6/e-bpco/vite/deps/chunk-UGLLDE2A.js?v=8a293d82:14943
[ 6338013ms] [LOG] Angular is running in development mode. @ http://localhost:4200/@fs/C:/Users/Ella/Documents/GitHub/eBPCO-Web/EBPCO%20WEB%20ADMIN/E-BPCO-Software-main/.angular/cache/22.0.6/e-bpco/vite/deps/chunk-UGLLDE2A.js?v=8a293d82:14943
[ 6349259ms] [LOG] Angular is running in development mode. @ http://localhost:4200/@fs/C:/Users/Ella/Documents/GitHub/eBPCO-Web/EBPCO%20WEB%20ADMIN/E-BPCO-Software-main/.angular/cache/22.0.6/e-bpco/vite/deps/chunk-UGLLDE2A.js?v=8a293d82:14943
[ 6365152ms] [LOG] Angular is running in development mode. @ http://localhost:4200/@fs/C:/Users/Ella/Documents/GitHub/eBPCO-Web/EBPCO%20WEB%20ADMIN/E-BPCO-Software-main/.angular/cache/22.0.6/e-bpco/vite/deps/chunk-UGLLDE2A.js?v=8a293d82:14943
[ 6371249ms] [LOG] Angular is running in development mode. @ http://localhost:4200/@fs/C:/Users/Ella/Documents/GitHub/eBPCO-Web/EBPCO%20WEB%20ADMIN/E-BPCO-Software-main/.angular/cache/22.0.6/e-bpco/vite/deps/chunk-UGLLDE2A.js?v=8a293d82:14943
[ 6376498ms] [LOG] Angular is running in development mode. @ http://localhost:4200/@fs/C:/Users/Ella/Documents/GitHub/eBPCO-Web/EBPCO%20WEB%20ADMIN/E-BPCO-Software-main/.angular/cache/22.0.6/e-bpco/vite/deps/chunk-UGLLDE2A.js?v=8a293d82:14943
[ 6480033ms] [LOG] Angular is running in development mode. @ http://localhost:4200/@fs/C:/Users/Ella/Documents/GitHub/eBPCO-Web/EBPCO%20WEB%20ADMIN/E-BPCO-Software-main/.angular/cache/22.0.6/e-bpco/vite/deps/chunk-UGLLDE2A.js?v=8a293d82:14943
[ 6747028ms] [LOG] Angular is running in development mode. @ http://localhost:4200/@fs/C:/Users/Ella/Documents/GitHub/eBPCO-Web/EBPCO%20WEB%20ADMIN/E-BPCO-Software-main/.angular/cache/22.0.6/e-bpco/vite/deps/chunk-UGLLDE2A.js?v=8a293d82:14943
[ 6874541ms] [LOG] Angular is running in development mode. @ http://localhost:4200/@fs/C:/Users/Ella/Documents/GitHub/eBPCO-Web/EBPCO%20WEB%20ADMIN/E-BPCO-Software-main/.angular/cache/22.0.6/e-bpco/vite/deps/chunk-UGLLDE2A.js?v=8a293d82:14943
[ 7396432ms] [LOG] Angular is running in development mode. @ http://localhost:4200/@fs/C:/Users/Ella/Documents/GitHub/eBPCO-Web/EBPCO%20WEB%20ADMIN/E-BPCO-Software-main/.angular/cache/22.0.6/e-bpco/vite/deps/chunk-UGLLDE2A.js?v=8a293d82:14943
[ 7488058ms] [LOG] Angular is running in development mode. @ http://localhost:4200/@fs/C:/Users/Ella/Documents/GitHub/eBPCO-Web/EBPCO%20WEB%20ADMIN/E-BPCO-Software-main/.angular/cache/22.0.6/e-bpco/vite/deps/chunk-UGLLDE2A.js?v=8a293d82:14943
[ 7498992ms] [LOG] Angular is running in development mode. @ http://localhost:4200/@fs/C:/Users/Ella/Documents/GitHub/eBPCO-Web/EBPCO%20WEB%20ADMIN/E-BPCO-Software-main/.angular/cache/22.0.6/e-bpco/vite/deps/chunk-UGLLDE2A.js?v=8a293d82:14943
[ 7508838ms] [LOG] Angular is running in development mode. @ http://localhost:4200/@fs/C:/Users/Ella/Documents/GitHub/eBPCO-Web/EBPCO%20WEB%20ADMIN/E-BPCO-Software-main/.angular/cache/22.0.6/e-bpco/vite/deps/chunk-UGLLDE2A.js?v=8a293d82:14943
[ 7523667ms] [LOG] Angular is running in development mode. @ http://localhost:4200/@fs/C:/Users/Ella/Documents/GitHub/eBPCO-Web/EBPCO%20WEB%20ADMIN/E-BPCO-Software-main/.angular/cache/22.0.6/e-bpco/vite/deps/chunk-UGLLDE2A.js?v=8a293d82:14943
[ 7535896ms] [LOG] Angular is running in development mode. @ http://localhost:4200/@fs/C:/Users/Ella/Documents/GitHub/eBPCO-Web/EBPCO%20WEB%20ADMIN/E-BPCO-Software-main/.angular/cache/22.0.6/e-bpco/vite/deps/chunk-UGLLDE2A.js?v=8a293d82:14943
[ 7615159ms] [LOG] Angular is running in development mode. @ http://localhost:4200/@fs/C:/Users/Ella/Documents/GitHub/eBPCO-Web/EBPCO%20WEB%20ADMIN/E-BPCO-Software-main/.angular/cache/22.0.6/e-bpco/vite/deps/chunk-UGLLDE2A.js?v=8a293d82:14943
[ 7624802ms] [LOG] Angular is running in development mode. @ http://localhost:4200/@fs/C:/Users/Ella/Documents/GitHub/eBPCO-Web/EBPCO%20WEB%20ADMIN/E-BPCO-Software-main/.angular/cache/22.0.6/e-bpco/vite/deps/chunk-UGLLDE2A.js?v=8a293d82:14943
[ 7630171ms] [LOG] Angular is running in development mode. @ http://localhost:4200/@fs/C:/Users/Ella/Documents/GitHub/eBPCO-Web/EBPCO%20WEB%20ADMIN/E-BPCO-Software-main/.angular/cache/22.0.6/e-bpco/vite/deps/chunk-UGLLDE2A.js?v=8a293d82:14943
[ 7666358ms] [LOG] Angular is running in development mode. @ http://localhost:4200/@fs/C:/Users/Ella/Documents/GitHub/eBPCO-Web/EBPCO%20WEB%20ADMIN/E-BPCO-Software-main/.angular/cache/22.0.6/e-bpco/vite/deps/chunk-UGLLDE2A.js?v=8a293d82:14943
[ 7803935ms] [LOG] Angular is running in development mode. @ http://localhost:4200/@fs/C:/Users/Ella/Documents/GitHub/eBPCO-Web/EBPCO%20WEB%20ADMIN/E-BPCO-Software-main/.angular/cache/22.0.6/e-bpco/vite/deps/chunk-UGLLDE2A.js?v=8a293d82:14943
[ 7852794ms] [LOG] Angular is running in development mode. @ http://localhost:4200/@fs/C:/Users/Ella/Documents/GitHub/eBPCO-Web/EBPCO%20WEB%20ADMIN/E-BPCO-Software-main/.angular/cache/22.0.6/e-bpco/vite/deps/chunk-UGLLDE2A.js?v=8a293d82:14943
[ 8225580ms] [LOG] Angular is running in development mode. @ http://localhost:4200/@fs/C:/Users/Ella/Documents/GitHub/eBPCO-Web/EBPCO%20WEB%20ADMIN/E-BPCO-Software-main/.angular/cache/22.0.6/e-bpco/vite/deps/chunk-UGLLDE2A.js?v=8a293d82:14943
[ 8304666ms] [LOG] Angular is running in development mode. @ http://localhost:4200/@fs/C:/Users/Ella/Documents/GitHub/eBPCO-Web/EBPCO%20WEB%20ADMIN/E-BPCO-Software-main/.angular/cache/22.0.6/e-bpco/vite/deps/chunk-UGLLDE2A.js?v=8a293d82:14943
[ 8381948ms] [LOG] Angular is running in development mode. @ http://localhost:4200/@fs/C:/Users/Ella/Documents/GitHub/eBPCO-Web/EBPCO%20WEB%20ADMIN/E-BPCO-Software-main/.angular/cache/22.0.6/e-bpco/vite/deps/chunk-UGLLDE2A.js?v=8a293d82:14943
[ 8390857ms] [LOG] Angular is running in development mode. @ http://localhost:4200/@fs/C:/Users/Ella/Documents/GitHub/eBPCO-Web/EBPCO%20WEB%20ADMIN/E-BPCO-Software-main/.angular/cache/22.0.6/e-bpco/vite/deps/chunk-UGLLDE2A.js?v=8a293d82:14943
[ 8410853ms] [LOG] Angular is running in development mode. @ http://localhost:4200/@fs/C:/Users/Ella/Documents/GitHub/eBPCO-Web/EBPCO%20WEB%20ADMIN/E-BPCO-Software-main/.angular/cache/22.0.6/e-bpco/vite/deps/chunk-UGLLDE2A.js?v=8a293d82:14943
[ 8601425ms] [LOG] Angular is running in development mode. @ http://localhost:4200/@fs/C:/Users/Ella/Documents/GitHub/eBPCO-Web/EBPCO%20WEB%20ADMIN/E-BPCO-Software-main/.angular/cache/22.0.6/e-bpco/vite/deps/chunk-UGLLDE2A.js?v=8a293d82:14943
[ 8749231ms] [LOG] Angular is running in development mode. @ http://localhost:4200/@fs/C:/Users/Ella/Documents/GitHub/eBPCO-Web/EBPCO%20WEB%20ADMIN/E-BPCO-Software-main/.angular/cache/22.0.6/e-bpco/vite/deps/chunk-UGLLDE2A.js?v=8a293d82:14943
[ 8845930ms] [LOG] Angular is running in development mode. @ http://localhost:4200/@fs/C:/Users/Ella/Documents/GitHub/eBPCO-Web/EBPCO%20WEB%20ADMIN/E-BPCO-Software-main/.angular/cache/22.0.6/e-bpco/vite/deps/chunk-UGLLDE2A.js?v=8a293d82:14943
